####################
#
# Copyright 2021 kermie@arcticpornvault.org
#
####################

# The following are Emacs-style regexes that can match anywhere in the path or filename.
# The files are deleted on a match.

# [ Garbage / Mainstream Studios ]
brazzers
naughty.?america
evil.?angel
legal.?porno
legal.?gonzo
bang.?bros
club.?tug
culionero
dogfart
johnn?y.?sin
james.?deen

# [ Humiliation / Domination ]
(sph)
sph\.
\/sph
.* sph .*
(cei)
.* cei .*
cei\.m
cei.?encourag
sissy
sissie
sissif
pansy
cum.?eating.?instruction
own.?cum
joi.?cum.?eat
cei.?joi
joi.?cei
belly.?full.?of
lick.?your.?cum
eat.?your.?cum
self.?facial
swallow.?your
fin.?dom
fin.?sub
financial
pay.to
pay.me
tip.me
broke.?pig
pay.?pig
broke.?loser
wallet
your.?money
your.?cash
bank.?acc
russian.?mistress
fem.?dom
dungeon.?corp
club.?dom
strap.?on.?hell
strap.?on.?slave
strap.?some
sklaven
beta.?male
beta.?loser
.* loser .*
beta.?boy
bottom.?bitch
pathetic
cruel
dignity
humiliat
worthless
degrad
disgust
friend.?zone
man.?boob
aroma.*sniff
castrat
small.?penis
baby.?penis
little.?penis
tiny.?penis
small.?dick
baby.?dick
little.?dick
tiny.?dick
small.?cock
baby.?cock
little.?cock
tiny.?cock
premature
impoten

# [ Cuckold ]
bred.*bull
bull.*breed
breed.*bull
cuck
hot.?wife
while.?husband
husband.?watch
share.*wife
cheating
cheats
she.?will.?cheat
subby.?hubby
take.?my.?wife
DP.?my.?wife
fuck.?my.?wife

# [ ACAB ]
traffic.?stop
under.?arrest
cavity.?search
prison
behind.?bar
jail
hand.?cuff
officer
in.?uniform
cop[^pyitre]
police
arrest
doing.?time

# [ Coerced / Blacklisted ]
sleep.?assault
tricky
bang.?bus
fake.?taxi
xxx.?pawn
pawn.?shop
money.?talks
property.?sex
stranded
for.?dollar
for.?money
for.?cash
pimped
pimp.?you
sell.?your.?gf
shop.?lyft
# Blacklisted, do not remove
girls.?do.?porn
\/gdp\.
ron.?jeremy
ryan.?madison
kelly.?madison
porn.?fidelity
teen.?fidelity

# [ Age ]
oldje
jurassic
geezer
grandpa
grandp4
gramps
grandma
granny
dirty.?old
old.?bastard
old.?grope
older.?man
older.?male
dad.?crush
old.?fart
old.?man
old.?guy
old.?dude
old.?dick
wrinkl

# [ Interracial ]
racial
all.?black
black.?cock
black.?male
black.?man
black.?men
black.?boy
black.?dude
black.?bro
black.?is.?bet
black.?stick
black.?gang
gangsta
gang.?land
black.?attack
black.?meat
dark.?meat
dark.?skin
black.?pole
black.?skin
black.?beef
black.?pipe
black.?step
black.?anal
black.?blow
black.?own
black.?hand
black.?slide
black.?monster
black.?russian
black.?finger
black.?rub
black.?up.?in
black.?in
black.?friend
black.?power
black.?neigh
black.?fan
black.?stranger
black.?lover
black.?beast
black.?husb
black.?ball
black.?penis
black.?hole
black.?dick
black.?girth
black.?bone
black.?cheer
black.?pirate
black.?doctor
black.?nurse
black.?ice
black.*bull
black.?stud
black.?dildo
black.?toy
black.?girl
black.?chick
black.?ass
black.?woman
black.?fuck
crack.?addict
multiple.?black
glory.?hole
gang.?bang
blacks
back.?to.?black
jungle.?fever
ghetto
first.?black
big.?black
huge.?black
choco
.* bbc .*
.* bbc_
\/bbc
bbc\.mp4
bbc\.mp4
bbc\.mkv
bbc.?fantasy
bbc.?dildo
that ?bbc
the.?bcc
bbc.?sex
bbc,
video.?bbc
bbc.?xxx
bbc.?load
anal.?bbc
bbc.?anal
your.?bbc
bbc.?gape
gape.?bbc
fake.?bbc
bbc.?fuck
bbc.?in
his.?bbc
bbc.?blow
huge.?bbc
by.?bbc
massive.?bbc
sharing.?bbc
some.?bbc
bbc.?video
bbc.?scene
loves.?bbc
love.?bbc
fucks.?bbc
fuck.?bbc
suck.?bbc
sucks.?bbc
inch.?bbc
bbc.?cum
bbc.?challenge
first.?bbc
1st.?bbc
first.?bbc
take.?bbc
takes.?bbc
her.?bbc
my.?bbc
handsome.?bbc
for.?bbc
dp.?bbc
ing.?bbc
by.?a.?bbc
by.?bbc
on.?bbc
s.?bbc
it.?black
deep.?bbc
bbc.?worship
bbc.?cream
bbc.?stroke
with.?bbc
brotha
ba.?doink
brother.?load
bet.?on.?black
racks.?and.?black
alone.?in.?the.?dark
dong.?black
bitches.?in.?heat
backside.?b
yo.?mama
black.?assassin
black.?model
black.?heat
black.?member
black.?guy
black.?semen
black.?cream
black.?cum
black.?seed
black.?boy
bangin.?black
black.?bang
craves?.?black
black.?where
black.?on.?white
white.?slave
black.?filling
black.?vice
(IR)
(IR,
, ?IR)
, IR,
.* IR .*
ir.?action
fuck.?my.?white
that.?white.?ass
white.?cutie
black.?blonde
blonde.?black
white.?booty
black.?bull
black.?ambush
mandingo
darkx
hegre.*mike
worst.?night
lex.?on.?blond
silver.?back
big.?sean
sean.?michael
back.?2.?black
fine.?ass.?bitch
i.?got.?five
i.?got.?5
impaler
lex.*steele
yahshua
biggz
jax.?slayh?er
rob.?piper
shorty.?mac
nat.?turnher
gape.?man
the.?destroyer
dfwknight
bm.?wf
wf.?bm
negro
dredd
coal.?burn
my.?deep.?dark
monsters.?of.?cock
freaks.?of.?cock
ebony
ir.?pass
go.?black
got.?black
goes.?black
going.?black
gone.?black
afro.?invasion
bbcpie
blacked
blow.?bang
harmony.?concept
no.?cum.?dodging

# [ Gay / Trans, Solo Male ]
prostate
straight.?guy
tranny
trannies
trans?sexual
transgender
she.?male
cfnm
miss.?dom
young.?goddess
girls.?rimmin
pegging
pegged
toss.*salad
faggot
gayer
not.?gay
you.*gay
gay.?for
gay.?4
gay.?sex
gay.?porn
gay.?ass
gay.?hyp
gay.?conv
gay.?train
gay.?man
gay.?guy
gay.?boy
brain.?wash.*gay
gay.*brain.?w
solo.?male
grindr
bi.?encourag
bi.?training
bi.?guy
forced.?bi
coerced.?bi
futa
gay\.

# [ Misc Extreme / Fetish ]
feet
foot[^a]
suck.*toe
soles
toe.?suck
lactat
breast.?milk
milk.*tits
breast.?feed
squirt.*milk
engorged.?tit
tit.*engorged
spray.*milk
burp
belch
arm.?pit
smoking
smoke.?show
cigar
bound.?for.?brutality
menstrua
tampon
uterus
shitty
gooner
gooning
popping
popper
p0pper
p0pp3r
popp3r
therapist
psycholo
psychia
cbt
unkotare
puke
enema
gape.?fart
cum.?fart
diaper
abdl
adult.?baby
ball.?torture
ball.?bust
prolapse
snuff
midget

# [ Food Play ]
obese
food.?banger
food.?play
fatten
feeder
feedee
feeding
fat.?sham

# [ Watersports ]
toilet.?slave
czech.?toilet
human.?toilet
licks?.?toilet
pee.?and.?blow
pee.?slurp
slurps?.?pee
licks?.?pee
pee.*drink
drinks?.*pee
piss.*drink
drinks?.*piss
piss.?swallow
swallows?.*piss
pee.?swallow
swallows?.*pee
piss.?pig
piss.?my.?ass
swallows?.?piss
swallows?.?pee
pee.*glass
pee.*bowl
wetting

# [ Hardcore photo sets ]
hardcore.*zip_extracted

# [ Content Derived ]
_thumbs?_
